RAM Allocation [bytes]
Variable                                                                          Address   Size
------------------------------------------------------------------------------------------------
twi_tx_index                                                                      0x0ADB       1
twi_rx_index                                                                      0x0ADC       1
twi_result                                                                        0x0ADD       1
tx_buffer                                                                         0x0ADE     129
GLOBAL_GRB                                                                        0x0B5F       3
OLED_text                                                                         0x0B62      30
WiFi_buf                                                                          0x0B80       5
WiFi_reset_no_activity_counter                                                    0x0B85       1
HTML_info_N                                                                       0x0B86       1
WiFi_Connection_Request                                                           0x0B87       5
WiFi_Request_Value                                                                0x0B8C     150
WiFi_Connection_CommandID                                                         0x0C22       5
WiFi_reset_flag                                                                   0x0C27       2
HTML_main_code                                                                    0x0C29     608
HTML_info_code                                                                    0x0E89     245
slave_address                                                                     0x0F7E       1
twi_tx_buffer                                                                     0x0F7F       2
bytes_to_tx                                                                       0x0F81       1
twi_rx_buffer                                                                     0x0F82       2
bytes_to_rx                                                                       0x0F84       1
twi_rx_buffer_size                                                                0x0F85       1
twi_slave_rx_handler                                                              0x0F86       2
twi_slave_tx_handler                                                              0x0F88       2

EEPROM Allocation [bytes]
Variable                                                                          Address   Size
------------------------------------------------------------------------------------------------

Register Allocation
Variable                                                                          Register  Size
------------------------------------------------------------------------------------------------
LCD_X                                                                             R4           1
LCD_Y                                                                             R3           1
PB4_B                                                                             R6           1
PB5_B                                                                             R5           1
ENC_counter                                                                       R8           1
T3_ready                                                                          R7           1
Ledon                                                                             R10          1
WiFi_Current_Connection                                                           R9           1
WiFi_what_to_read                                                                 R12          1
WiFi_answer_ID                                                                    R11          1
WiFi_symbol_counter                                                               R14          1
WiFi_Busy                                                                         R13          1
twi_flag                                                                          GPIOR0.0  1bit
twi_ready                                                                         GPIOR0.1  1bit

FLASH Allocation [words]
Function                                                                          Address   Size
------------------------------------------------------------------------------------------------
LCD_init                                                                          0x0186B     91
LCD_Commmand                                                                      0x018C6     23
LCD_Goto                                                                          0x018DD     24
LCD_Contrast                                                                      0x018F5     11
LCD_DrawImage                                                                     0x01900     71
LCD_Char                                                                          0x01947     99
LCD_BigNum                                                                        0x019AA    100
LCD_Printf                                                                        0x01A0E     39
Edit_HTML                                                                         0x01A35     57
WiFi_main_processing                                                              0x01A6E    207
usart1_rx_isr                                                                     0x01B3D    901
WiFi_send_command                                                                 0x01EC2    139
WiFi_setup                                                                        0x01F4D     65
usart0_rx_isr                                                                     0x01F8E      9
timer1_ovf_isr                                                                    0x01F97     24
main                                                                              0x01FAF    221
uCsetup                                                                           0x0208C     53
UART_setup                                                                        0x020C1    102
putchar0                                                                          0x02127     10
putchar1                                                                          0x02131     10
putstr                                                                            0x0213B     44
IntToStr                                                                          0x02167     98
pin_change_isr0                                                                   0x021C9     32
pin_change_isr1                                                                   0x021E9     19
Led                                                                               0x021FC     71
timer3_ovf_isr                                                                    0x0227F      8
T3_delay                                                                          0x02287     17
T3_timeout                                                                        0x02298     16
twi_master_init                                                                   0x022A8     46
twi_master_trans                                                                  0x022D6    106
twi_int_handler                                                                   0x02340    380
